Microchip MPLAB XC8 Compiler V2.32

Linker command line:

-W-3 --edf=C:\Program Files\Microchip\xc8\v2.32\pic\dat\en_msgs.txt -cn \
  -h+dist/default/production\pic18f57q43_oledc_example.X.production.sym \
  --cmf=dist/default/production\pic18f57q43_oledc_example.X.production.cmf \
  -z -Q18F57Q43 -oC:\Users\rober\AppData\Local\Temp\xcAsc6c.4 \
  --defsym=__MPLAB_BUILD=1 \
  -Mdist/default/production/pic18f57q43_oledc_example.X.production.map -E1 \
  -ver=XC8 Compiler --acfsm=1493 -ASTACK=0560h-0243Fh -pstack=STACK \
  -ACODE=00h-01FFFFh -ACONST=00h-01FFFFh -ASMALLCONST=02600h-026FFhx474 \
  -AMEDIUMCONST=02600h-0FFFFh,012600h-01FFFFh -ACOMRAM=0501h-055Fh \
  -AABS1=0500h-025FFh -ABIGRAM=0501h-025FFh \
  -ARAM=0560h-05FFh,0600h-06FFhx32 -ABANK5=0560h-05FFh -ABANK6=0600h-06FFh \
  -ABANK7=0700h-07FFh -ABANK8=0800h-08FFh -ABANK9=0900h-09FFh \
  -ABANK10=0A00h-0AFFh -ABANK11=0B00h-0BFFh -ABANK12=0C00h-0CFFh \
  -ABANK13=0D00h-0DFFh -ABANK14=0E00h-0EFFh -ABANK15=0F00h-0FFFh \
  -ABANK16=01000h-010FFh -ABANK17=01100h-011FFh -ABANK18=01200h-012FFh \
  -ABANK19=01300h-013FFh -ABANK20=01400h-014FFh -ABANK21=01500h-015FFh \
  -ABANK22=01600h-016FFh -ABANK23=01700h-017FFh -ABANK24=01800h-018FFh \
  -ABANK25=01900h-019FFh -ABANK26=01A00h-01AFFh -ABANK27=01B00h-01BFFh \
  -ABANK28=01C00h-01CFFh -ABANK29=01D00h-01DFFh -ABANK30=01E00h-01EFFh \
  -ABANK31=01F00h-01FFFh -ABANK32=02000h-020FFh -ABANK33=02100h-021FFh \
  -ABANK34=02200h-022FFh -ABANK35=02300h-023FFh -ABANK36=02400h-024FFh \
  -ABANK37=02500h-025FFh -ASFR=00h-0FFhx4,0400h-045Fh,0460h-04FFh \
  -ACONFIG=0300000h-0300011h -AIDLOC=0200000h-020001Fh \
  -AEEDATA=0380000h-03803FFh -peeprom_data=EEDATA -preset_vec=00h \
  -ppowerup=CODE,init -pramtop=02600h -psmallconst=SMALLCONST \
  -pmediumconst=MEDIUMCONST -pconst=CONST -AFARRAM=00h-00h \
  -prdata=COMRAM,nvrram=COMRAM,nvbit=COMRAM,rbss=COMRAM,rbit=COMRAM \
  -pfarbss=FARRAM,fardata=FARRAM,nvFARRAM=FARRAM \
  -pintsave_regs=BIGRAM,bigbss=BIGRAM,bigdata=BIGRAM -pbss=RAM \
  -pidata=CODE,irdata=CODE,ibigdata=CODE,ifardata=CODE -prparam=COMRAM \
  C:\Users\rober\AppData\Local\Temp\xcAsc6c.o \
  dist/default/production\pic18f57q43_oledc_example.X.production.o 

Object code version is 3.11

Machine type is 18F57Q43



                Name                               Link     Load   Length Selector   Space Scale
C:\Users\rober\AppData\Local\Temp\xcAsc6c.o
                idloc                            200000   200000       20        0       5
                config                           300000   300000        A        0       4
                init                              1FFFC    1FFFC        4     FFFE       0
                reset_vec                             0        0        4        0       0
dist/default/production\pic18f57q43_oledc_example.X.production.o
                idloc                            200000   200000       20        0       5
                config                           300000   300000        A        0       4
                mediumconst                        FC74     FC74      38C     7E3A       0
                text52                            1186C    1186C       1C     8000       0
                text51                            10CEE    10CEE       BA     8000       0
                text50                            11826    11826       24     8000       0
                text49                            118A2    118A2       1A     8000       0
                text48                            11902    11902        6     8000       0
                text47                            1184A    1184A       22     8000       0
                text46                            109A6    109A6       E2     8000       0
                text45                            118FA    118FA        8     8000       0
                text44                            10A88    10A88       E0     8000       0
                text43                            11650    11650       3E     8000       0
                text42                            114E4    114E4       4E     8000       0
                text41                            107C2    107C2       F8     8000       0
                text40                            118BC    118BC       18     8000       0
                text39                            1173A    1173A       34     8000       0
                text38                            1110A    1110A       6E     8000       0
                text37                            11320    11320       62     8000       0
                text36                            10EEE    10EEE       9C     8000       0
                text35                            1058E    1058E      128     8000       0
                text34                            108BA    108BA       EC     8000       0
                text33                            117FC    117FC       2A     8000       0
                text32                            115CA    115CA       48     8000       0
                text31                            10272    10272      1BE     8000       0
                text30                            10B68    10B68       C4     8000       0
                text29                            106B6    106B6      10C     8000       0
                text28                            10430    10430      15E     8000       0
                text27                            11250    11250       6A     8000       0
                text26                            11908    11908        2     8000       0
                text25                            1157E    1157E       4C     8000       0
                text24                            1143A    1143A       5C     8000       0
                text23                            113DE    113DE       5C     8000       0
                text22                            111E4    111E4       6C     8000       0
                text21                            11178    11178       6C     8000       0
                text20                            11096    11096       74     8000       0
                text19                            11012    11012       84     8000       0
                text18                            1168E    1168E       3C     8000       0
                text17                            116CA    116CA       3A     8000       0
                text16                            10F8A    10F8A       88     8000       0
                text15                            10000    10000      272     8000       0
                text14                            10DA8    10DA8       A6     8000       0
                text13                            10E4E    10E4E       A0     8000       0
                text12                            118EE    118EE        C     8000       0
                text11                            11496    11496       4E     8000       0
                text10                            118D4    118D4        E     8000       0
                text9                             10C2C    10C2C       C2     8000       0
                text8                             11612    11612       3E     8000       0
                text7                             112BA    112BA       66     8000       0
                text6                             11532    11532       4C     8000       0
                text5                             117CE    117CE       2E     8000       0
                text4                             117A0    117A0       2E     8000       0
                text3                             1176E    1176E       32     8000       0
                text2                             11382    11382       5C     8000       0
                text1                             11888    11888       1A     8000       0
                text0                             118E2    118E2        C     8000       0
                cstackCOMRAM                        501      501       4C      501       1
                bssBIGRAM                          2440     2440      1C0     2440       1
                dataCOMRAM                          551      551        1      501       1
                bssCOMRAM                           54D      54D        4      501       1
                cinit                             11704    11704       36     8000       0
                idataCOMRAM                       1190A    1190A        1     8000       0

TOTAL           Name                               Link     Load   Length     Space
        CLASS   STACK          

        CLASS   CODE           
                init                              1FFFC    1FFFC        4         0
                reset_vec                             0        0        4         0
                text52                            1186C    1186C       1C         0
                text51                            10CEE    10CEE       BA         0
                text50                            11826    11826       24         0
                text49                            118A2    118A2       1A         0
                text48                            11902    11902        6         0
                text47                            1184A    1184A       22         0
                text46                            109A6    109A6       E2         0
                text45                            118FA    118FA        8         0
                text44                            10A88    10A88       E0         0
                text43                            11650    11650       3E         0
                text42                            114E4    114E4       4E         0
                text41                            107C2    107C2       F8         0
                text40                            118BC    118BC       18         0
                text39                            1173A    1173A       34         0
                text38                            1110A    1110A       6E         0
                text37                            11320    11320       62         0
                text36                            10EEE    10EEE       9C         0
                text35                            1058E    1058E      128         0
                text34                            108BA    108BA       EC         0
                text33                            117FC    117FC       2A         0
                text32                            115CA    115CA       48         0
                text31                            10272    10272      1BE         0
                text30                            10B68    10B68       C4         0
                text29                            106B6    106B6      10C         0
                text28                            10430    10430      15E         0
                text27                            11250    11250       6A         0
                text26                            11908    11908        2         0
                text25                            1157E    1157E       4C         0
                text24                            1143A    1143A       5C         0
                text23                            113DE    113DE       5C         0
                text22                            111E4    111E4       6C         0
                text21                            11178    11178       6C         0
                text20                            11096    11096       74         0
                text19                            11012    11012       84         0
                text18                            1168E    1168E       3C         0
                text17                            116CA    116CA       3A         0
                text16                            10F8A    10F8A       88         0
                text15                            10000    10000      272         0
                text14                            10DA8    10DA8       A6         0
                text13                            10E4E    10E4E       A0         0
                text12                            118EE    118EE        C         0
                text11                            11496    11496       4E         0
                text10                            118D4    118D4        E         0
                text9                             10C2C    10C2C       C2         0
                text8                             11612    11612       3E         0
                text7                             112BA    112BA       66         0
                text6                             11532    11532       4C         0
                text5                             117CE    117CE       2E         0
                text4                             117A0    117A0       2E         0
                text3                             1176E    1176E       32         0
                text2                             11382    11382       5C         0
                text1                             11888    11888       1A         0
                text0                             118E2    118E2        C         0
                cinit                             11704    11704       36         0
                idataCOMRAM                       1190A    1190A        1         0

        CLASS   CONST          

        CLASS   SMALLCONST     

        CLASS   MEDIUMCONST    
                mediumconst                        FC74     FC74      38C         0

        CLASS   COMRAM         
                cstackCOMRAM                        501      501       4C         1
                dataCOMRAM                          551      551        1         1
                bssCOMRAM                           54D      54D        4         1

        CLASS   ABS1           

        CLASS   BIGRAM         
                bssBIGRAM                          2440     2440      1C0         1

        CLASS   RAM            

        CLASS   BANK5          

        CLASS   BANK6          

        CLASS   BANK7          

        CLASS   BANK8          

        CLASS   BANK9          

        CLASS   BANK10         

        CLASS   BANK11         

        CLASS   BANK12         

        CLASS   BANK13         

        CLASS   BANK14         

        CLASS   BANK15         

        CLASS   BANK16         

        CLASS   BANK17         

        CLASS   BANK18         

        CLASS   BANK19         

        CLASS   BANK20         

        CLASS   BANK21         

        CLASS   BANK22         

        CLASS   BANK23         

        CLASS   BANK24         

        CLASS   BANK25         

        CLASS   BANK26         

        CLASS   BANK27         

        CLASS   BANK28         

        CLASS   BANK29         

        CLASS   BANK30         

        CLASS   BANK31         

        CLASS   BANK32         

        CLASS   BANK33         

        CLASS   BANK34         

        CLASS   BANK35         

        CLASS   BANK36         

        CLASS   BANK37         

        CLASS   SFR            

        CLASS   CONFIG         
                config                           300000   300000        A         4

        CLASS   IDLOC          
                idloc                            200000   200000       20         5

        CLASS   EEDATA         

        CLASS   FARRAM         



SEGMENTS        Name                           Load    Length   Top    Selector   Space  Class

                reset_vec                      000000  000004  000004         0       0  CODE    
                cstackCOMRAM                   000501  000051  000552       501       1  COMRAM  
                bssBIGRAM                      002440  0001C0  002600      2440       1  BIGRAM  
                mediumconst                    00FC74  00038C  010000      7E3A       0  MEDIUMCO
                text15                         010000  00190B  01190B      8000       0  CODE    
                init                           01FFFC  000004  020000      FFFE       0  CODE    


UNUSED ADDRESS RANGES

        Name                Unused          Largest block    Delta
        BANK10           000A00-000AFF              100
        BANK11           000B00-000BFF              100
        BANK12           000C00-000CFF              100
        BANK13           000D00-000DFF              100
        BANK14           000E00-000EFF              100
        BANK15           000F00-000FFF              100
        BANK16           001000-0010FF              100
        BANK17           001100-0011FF              100
        BANK18           001200-0012FF              100
        BANK19           001300-0013FF              100
        BANK20           001400-0014FF              100
        BANK21           001500-0015FF              100
        BANK22           001600-0016FF              100
        BANK23           001700-0017FF              100
        BANK24           001800-0018FF              100
        BANK25           001900-0019FF              100
        BANK26           001A00-001AFF              100
        BANK27           001B00-001BFF              100
        BANK28           001C00-001CFF              100
        BANK29           001D00-001DFF              100
        BANK30           001E00-001EFF              100
        BANK31           001F00-001FFF              100
        BANK32           002000-0020FF              100
        BANK33           002100-0021FF              100
        BANK34           002200-0022FF              100
        BANK35           002300-0023FF              100
        BANK36           002400-00243F               40
        BANK5            000560-0005FF               A0
        BANK6            000600-0006FF              100
        BANK7            000700-0007FF              100
        BANK8            000800-0008FF              100
        BANK9            000900-0009FF              100
        BIGRAM           000552-00243F             1EEE
        CODE             000004-00FC73             FC70
                         01190B-01FFFB             E6F1
        COMRAM           000552-00055F                E
        CONFIG           30000A-300011                8
        CONST            000004-00FC73             FC70
                         01190B-01FFFB             E6F1
        EEDATA           380000-3803FF              400
        MEDIUMCONST      002600-00FC73             D674
                         012600-01FFFB             D9FC
        RAM              000560-00243F              100
        SFR              000000-0004FF              100
        SMALLCONST       002600-00FC73              100
                         01190B-01FFFB              100
        STACK            000560-00243F             1EE0

                                  Symbol Table

?___awdiv                                 cstackCOMRAM 000501
?___wmul                                  cstackCOMRAM 000501
?_exchangeTwoBytes                        cstackCOMRAM 000503
?_oledC_getShape                          cstackCOMRAM 000501
DELAY_microseconds@microseconds           cstackCOMRAM 000501
DELAY_milliseconds@milliseconds           cstackCOMRAM 000501
SPI1_ExchangeByte@data                    cstackCOMRAM 000501
SPI1_Open@spi1UniqueConfiguration         cstackCOMRAM 000502
SPI1_WriteBlock@block                     cstackCOMRAM 000502
SPI1_WriteBlock@blockSize                 cstackCOMRAM 000504
SPI1_WriteBlock@data                      cstackCOMRAM 000506
_ACTCON                                   (abs)        0000AC
_ANSELA                                   (abs)        000400
_ANSELB                                   (abs)        000408
_ANSELC                                   (abs)        000410
_ANSELD                                   (abs)        000418
_ANSELE                                   (abs)        000420
_ANSELF                                   (abs)        000428
_DELAY_microseconds                       text6        011532
_DELAY_milliseconds                       text5        0117CE
_INLVLA                                   (abs)        000404
_INLVLB                                   (abs)        00040C
_INLVLC                                   (abs)        000414
_INLVLD                                   (abs)        00041C
_INLVLE                                   (abs)        000424
_INLVLF                                   (abs)        00042C
_LATA                                     (abs)        0004BE
_LATAbits                                 (abs)        0004BE
_LATB                                     (abs)        0004BF
_LATBbits                                 (abs)        0004BF
_LATC                                     (abs)        0004C0
_LATD                                     (abs)        0004C1
_LATDbits                                 (abs)        0004C1
_LATE                                     (abs)        0004C2
_LATF                                     (abs)        0004C3
_ODCONA                                   (abs)        000402
_ODCONB                                   (abs)        00040A
_ODCONC                                   (abs)        000412
_ODCOND                                   (abs)        00041A
_ODCONE                                   (abs)        000422
_ODCONF                                   (abs)        00042A
_OLEDC_COLOR_ALICEBLUE                    mediumconst  00FDC1
_OLEDC_COLOR_ANTIQUEWHITE                 mediumconst  00FDBF
_OLEDC_COLOR_AQUA                         mediumconst  00FDBD
_OLEDC_COLOR_AQUAMARINE                   mediumconst  00FDBB
_OLEDC_COLOR_AZURE                        mediumconst  00FDB9
_OLEDC_COLOR_BEIGE                        mediumconst  00FDB7
_OLEDC_COLOR_BISQUE                       mediumconst  00FDB5
_OLEDC_COLOR_BLACK                        mediumconst  00FDB3
_OLEDC_COLOR_BLANCHEDALMOND               mediumconst  00FDB1
_OLEDC_COLOR_BLUEVIOLET                   mediumconst  00FDAD
_OLEDC_COLOR_BROWN                        mediumconst  00FDAB
_OLEDC_COLOR_BURLYWOOD                    mediumconst  00FDA9
_OLEDC_COLOR_CADETBLUE                    mediumconst  00FDA7
_OLEDC_COLOR_CHARTREUSE                   mediumconst  00FDA5
_OLEDC_COLOR_CHOCOLATE                    mediumconst  00FDA3
_OLEDC_COLOR_CORAL                        mediumconst  00FDA1
_OLEDC_COLOR_CORNFLOWERBLUE               mediumconst  00FD9F
_OLEDC_COLOR_CORNSILK                     mediumconst  00FD9D
_OLEDC_COLOR_CRIMSON                      mediumconst  00FD9B
_OLEDC_COLOR_CYAN                         mediumconst  00FD99
_OLEDC_COLOR_DARKBLUE                     mediumconst  00FD97
_OLEDC_COLOR_DARKCYAN                     mediumconst  00FD95
_OLEDC_COLOR_DARKGOLDENROD                mediumconst  00FD93
_OLEDC_COLOR_DARKGRAY                     mediumconst  00FD91
_OLEDC_COLOR_DARKGREEN                    mediumconst  00FD8F
_OLEDC_COLOR_DARKGREY                     mediumconst  00FD8D
_OLEDC_COLOR_DARKKHAKI                    mediumconst  00FD8B
_OLEDC_COLOR_DARKMAGENTA                  mediumconst  00FD89
_OLEDC_COLOR_DARKOLIVEGREEN               mediumconst  00FD87
_OLEDC_COLOR_DARKORANGE                   mediumconst  00FD85
_OLEDC_COLOR_DARKORCHID                   mediumconst  00FD83
_OLEDC_COLOR_DARKRED                      mediumconst  00FD81
_OLEDC_COLOR_DARKSALMON                   mediumconst  00FD7F
_OLEDC_COLOR_DARKSEAGREEN                 mediumconst  00FD7D
_OLEDC_COLOR_DARKSLATEBLUE                mediumconst  00FD7B
_OLEDC_COLOR_DARKSLATEGRAY                mediumconst  00FD79
_OLEDC_COLOR_DARKSLATEGREY                mediumconst  00FD77
_OLEDC_COLOR_DARKTURQUOISE                mediumconst  00FD75
_OLEDC_COLOR_DARKVIOLET                   mediumconst  00FD73
_OLEDC_COLOR_DEEPPINK                     mediumconst  00FD71
_OLEDC_COLOR_DEEPSKYBLUE                  mediumconst  00FD6F
_OLEDC_COLOR_DIMGRAY                      mediumconst  00FD6D
_OLEDC_COLOR_DIMGREY                      mediumconst  00FD6B
_OLEDC_COLOR_DODGERBLUE                   mediumconst  00FD69
_OLEDC_COLOR_FIREBRICK                    mediumconst  00FD67
_OLEDC_COLOR_FLORALWHITE                  mediumconst  00FD65
_OLEDC_COLOR_FORESTGREEN                  mediumconst  00FD63
_OLEDC_COLOR_FUCHSIA                      mediumconst  00FD61
_OLEDC_COLOR_GAINSBORO                    mediumconst  00FD5F
_OLEDC_COLOR_GHOSTWHITE                   mediumconst  00FD5D
_OLEDC_COLOR_GOLD                         mediumconst  00FD5B
_OLEDC_COLOR_GOLDENROD                    mediumconst  00FD59
_OLEDC_COLOR_GRAY                         mediumconst  00FD57
_OLEDC_COLOR_GREENYELLOW                  mediumconst  00FD53
_OLEDC_COLOR_GREY                         mediumconst  00FD51
_OLEDC_COLOR_HONEYDEW                     mediumconst  00FD4F
_OLEDC_COLOR_HOTPINK                      mediumconst  00FD4D
_OLEDC_COLOR_INDIANRED                    mediumconst  00FD4B
_OLEDC_COLOR_INDIGO                       mediumconst  00FD49
_OLEDC_COLOR_IVORY                        mediumconst  00FD47
_OLEDC_COLOR_KHAKI                        mediumconst  00FD45
_OLEDC_COLOR_LAVENDER                     mediumconst  00FD43
_OLEDC_COLOR_LAVENDERBLUSH                mediumconst  00FD41
_OLEDC_COLOR_LAWNGREEN                    mediumconst  00FD3F
_OLEDC_COLOR_LEMONCHIFFON                 mediumconst  00FD3D
_OLEDC_COLOR_LIGHTBLUE                    mediumconst  00FD3B
_OLEDC_COLOR_LIGHTCORAL                   mediumconst  00FD39
_OLEDC_COLOR_LIGHTCYAN                    mediumconst  00FD37
_OLEDC_COLOR_LIGHTGOLDENRODYELLOW         mediumconst  00FD35
_OLEDC_COLOR_LIGHTGRAY                    mediumconst  00FD33
_OLEDC_COLOR_LIGHTGREEN                   mediumconst  00FD31
_OLEDC_COLOR_LIGHTGREY                    mediumconst  00FD2F
_OLEDC_COLOR_LIGHTPINK                    mediumconst  00FD2D
_OLEDC_COLOR_LIGHTSALMON                  mediumconst  00FD2B
_OLEDC_COLOR_LIGHTSEAGREEN                mediumconst  00FD29
_OLEDC_COLOR_LIGHTSKYBLUE                 mediumconst  00FD27
_OLEDC_COLOR_LIGHTSLATEGRAY               mediumconst  00FD25
_OLEDC_COLOR_LIGHTSLATEGREY               mediumconst  00FD23
_OLEDC_COLOR_LIGHTSTEELBLUE               mediumconst  00FD21
_OLEDC_COLOR_LIGHTYELLOW                  mediumconst  00FD1F
_OLEDC_COLOR_LIME                         mediumconst  00FD1D
_OLEDC_COLOR_LIMEGREEN                    mediumconst  00FD1B
_OLEDC_COLOR_LINEN                        mediumconst  00FD19
_OLEDC_COLOR_MAGENTA                      mediumconst  00FD17
_OLEDC_COLOR_MAROON                       mediumconst  00FD15
_OLEDC_COLOR_MEDIUMAQUAMARINE             mediumconst  00FD13
_OLEDC_COLOR_MEDIUMBLUE                   mediumconst  00FD11
_OLEDC_COLOR_MEDIUMORCHID                 mediumconst  00FD0F
_OLEDC_COLOR_MEDIUMPURPLE                 mediumconst  00FD0D
_OLEDC_COLOR_MEDIUMSEAGREEN               mediumconst  00FD0B
_OLEDC_COLOR_MEDIUMSLATEBLUE              mediumconst  00FD09
_OLEDC_COLOR_MEDIUMSPRINGGREEN            mediumconst  00FD07
_OLEDC_COLOR_MEDIUMTURQUOISE              mediumconst  00FD05
_OLEDC_COLOR_MEDIUMVIOLETRED              mediumconst  00FD03
_OLEDC_COLOR_MIDNIGHTBLUE                 mediumconst  00FD01
_OLEDC_COLOR_MINTCREAM                    mediumconst  00FCFF
_OLEDC_COLOR_MISTYROSE                    mediumconst  00FCFD
_OLEDC_COLOR_MOCCASIN                     mediumconst  00FCFB
_OLEDC_COLOR_NAVAJOWHITE                  mediumconst  00FCF9
_OLEDC_COLOR_NAVY                         mediumconst  00FCF7
_OLEDC_COLOR_OLDLACE                      mediumconst  00FCF5
_OLEDC_COLOR_OLIVE                        mediumconst  00FCF3
_OLEDC_COLOR_OLIVEDRAB                    mediumconst  00FCF1
_OLEDC_COLOR_ORANGE                       mediumconst  00FCEF
_OLEDC_COLOR_ORANGERED                    mediumconst  00FCED
_OLEDC_COLOR_ORCHID                       mediumconst  00FCEB
_OLEDC_COLOR_PALEGOLDENROD                mediumconst  00FCE9
_OLEDC_COLOR_PALEGREEN                    mediumconst  00FCE7
_OLEDC_COLOR_PALETURQUOISE                mediumconst  00FCE5
_OLEDC_COLOR_PALEVIOLETRED                mediumconst  00FCE3
_OLEDC_COLOR_PAPAYAWHIP                   mediumconst  00FCE1
_OLEDC_COLOR_PEACHPUFF                    mediumconst  00FCDF
_OLEDC_COLOR_PERU                         mediumconst  00FCDD
_OLEDC_COLOR_PINK                         mediumconst  00FCDB
_OLEDC_COLOR_PLUM                         mediumconst  00FCD9
_OLEDC_COLOR_POWDERBLUE                   mediumconst  00FCD7
_OLEDC_COLOR_PURPLE                       mediumconst  00FCD5
_OLEDC_COLOR_ROSYBROWN                    mediumconst  00FCD1
_OLEDC_COLOR_ROYALBLUE                    mediumconst  00FCCF
_OLEDC_COLOR_SADDLEBROWN                  mediumconst  00FCCD
_OLEDC_COLOR_SALMON                       mediumconst  00FCCB
_OLEDC_COLOR_SANDYBROWN                   mediumconst  00FCC9
_OLEDC_COLOR_SEAGREEN                     mediumconst  00FCC7
_OLEDC_COLOR_SEASHELL                     mediumconst  00FCC5
_OLEDC_COLOR_SIENNA                       mediumconst  00FCC3
_OLEDC_COLOR_SILVER                       mediumconst  00FCC1
_OLEDC_COLOR_SKYBLUE                      mediumconst  00FCBF
_OLEDC_COLOR_SLATEBLUE                    mediumconst  00FCBD
_OLEDC_COLOR_SLATEGRAY                    mediumconst  00FCBB
_OLEDC_COLOR_SLATEGREY                    mediumconst  00FCB9
_OLEDC_COLOR_SNOW                         mediumconst  00FCB7
_OLEDC_COLOR_SPRINGGREEN                  mediumconst  00FCB5
_OLEDC_COLOR_STEELBLUE                    mediumconst  00FCB3
_OLEDC_COLOR_TAN                          mediumconst  00FCB1
_OLEDC_COLOR_TEAL                         mediumconst  00FCAF
_OLEDC_COLOR_THISTLE                      mediumconst  00FCAD
_OLEDC_COLOR_TOMATO                       mediumconst  00FCAB
_OLEDC_COLOR_TURQUOISE                    mediumconst  00FCA9
_OLEDC_COLOR_VIOLET                       mediumconst  00FCA7
_OLEDC_COLOR_WHEAT                        mediumconst  00FCA5
_OLEDC_COLOR_WHITESMOKE                   mediumconst  00FCA1
_OLEDC_COLOR_YELLOWGREEN                  mediumconst  00FC9D
_OLED_DIM_WIDTH                           mediumconst  00FDC5
_OSCCON1                                  (abs)        0000AD
_OSCCON3                                  (abs)        0000AF
_OSCEN                                    (abs)        0000B3
_OSCFRQ                                   (abs)        0000B1
_OSCILLATOR_Initialize                    text52       01186C
_OSCTUNE                                  (abs)        0000B0
_PIN_MANAGER_Initialize                   text51       010CEE
_PIR3bits                                 (abs)        0004B1
_PMD0                                     (abs)        000060
_PMD1                                     (abs)        000061
_PMD3                                     (abs)        000063
_PMD4                                     (abs)        000064
_PMD5                                     (abs)        000065
_PMD6                                     (abs)        000066
_PMD7                                     (abs)        000067
_PMD8                                     (abs)        000068
_PMD_Initialize                           text50       011826
_RB1I2C                                   (abs)        000289
_RB2I2C                                   (abs)        000288
_RC3I2C                                   (abs)        000287
_RC4I2C                                   (abs)        000286
_RC4PPS                                   (abs)        000215
_RC6PPS                                   (abs)        000217
_SLRCONA                                  (abs)        000403
_SLRCONB                                  (abs)        00040B
_SLRCONC                                  (abs)        000413
_SLRCOND                                  (abs)        00041B
_SLRCONE                                  (abs)        000423
_SLRCONF                                  (abs)        00042B
_SPI1BAUD                                 (abs)        000089
_SPI1CLK                                  (abs)        00008C
_SPI1CON0                                 (abs)        000084
_SPI1CON0bits                             (abs)        000084
_SPI1CON1                                 (abs)        000085
_SPI1CON2                                 (abs)        000086
_SPI1RXB                                  (abs)        000080
_SPI1SCKPPS                               (abs)        00026A
_SPI1SDIPPS                               (abs)        00026B
_SPI1TCNTL                                (abs)        000082
_SPI1TXB                                  (abs)        000081
_SPI1_Close                               text48       011902
_SPI1_ExchangeBlock                       (abs)        000000
_SPI1_ExchangeByte                        text47       01184A
_SPI1_Initialize                          text49       0118A2
_SPI1_Open                                text46       0109A6
_SPI1_ReadBlock                           (abs)        000000
_SPI1_ReadByte                            (abs)        000000
_SPI1_WriteBlock                          text43       011650
_SPI1_WriteByte                           (abs)        000000
_SYSTEM_Initialize                        text1        011888
_TRISA                                    (abs)        0004C6
_TRISB                                    (abs)        0004C7
_TRISC                                    (abs)        0004C8
_TRISCbits                                (abs)        0004C8
_TRISD                                    (abs)        0004C9
_TRISE                                    (abs)        0004CA
_TRISF                                    (abs)        0004CB
_WPUA                                     (abs)        000401
_WPUB                                     (abs)        000409
_WPUC                                     (abs)        000411
_WPUD                                     (abs)        000419
_WPUE                                     (abs)        000421
_WPUF                                     (abs)        000429
__HRAM                                    (abs)        000000
__Habs1                                   abs1         000000
__Hbank10                                 bank10       000000
__Hbank11                                 bank11       000000
__Hbank12                                 bank12       000000
__Hbank13                                 bank13       000000
__Hbank14                                 bank14       000000
__Hbank15                                 bank15       000000
__Hbank16                                 bank16       000000
__Hbank17                                 bank17       000000
__Hbank18                                 bank18       000000
__Hbank19                                 bank19       000000
__Hbank20                                 bank20       000000
__Hbank21                                 bank21       000000
__Hbank22                                 bank22       000000
__Hbank23                                 bank23       000000
__Hbank24                                 bank24       000000
__Hbank25                                 bank25       000000
__Hbank26                                 bank26       000000
__Hbank27                                 bank27       000000
__Hbank28                                 bank28       000000
__Hbank29                                 bank29       000000
__Hbank30                                 bank30       000000
__Hbank31                                 bank31       000000
__Hbank32                                 bank32       000000
__Hbank33                                 bank33       000000
__Hbank34                                 bank34       000000
__Hbank35                                 bank35       000000
__Hbank36                                 bank36       000000
__Hbank37                                 bank37       000000
__Hbank5                                  bank5        000000
__Hbank6                                  bank6        000000
__Hbank7                                  bank7        000000
__Hbank8                                  bank8        000000
__Hbank9                                  bank9        000000
__Hbigbss                                 bigbss       000000
__Hbigdata                                bigdata      000000
__Hbigram                                 bigram       000000
__Hbss                                    bss          000000
__HbssBIGRAM                              bssBIGRAM    000000
__HbssCOMRAM                              bssCOMRAM    000000
__Hcinit                                  cinit        000000
__Hclrtext                                clrtext      000000
__Hcomram                                 comram       000000
__Hconfig                                 config       30000A
__Hconst                                  const        000000
__HcstackCOMRAM                           cstackCOMRAM 000000
__Hdata                                   data         000000
__HdataCOMRAM                             dataCOMRAM   000000
__Heeprom_data                            eeprom_data  000000
__Hfarbss                                 farbss       000000
__Hfardata                                fardata      000000
__Hibigdata                               ibigdata     000000
__Hidata                                  idata        000000
__HidataCOMRAM                            idataCOMRAM  000000
__Hidloc                                  idloc        200020
__Hifardata                               ifardata     000000
__Hinit                                   init         020000
__Hintsave_regs                           intsave_regs 000000
__Hirdata                                 irdata       000000
__Hmediumconst                            mediumconst  010000
__HnvFARRAM                               nvFARRAM     000000
__Hnvbit                                  nvbit        000000
__Hnvrram                                 nvrram       000000
__Hparam                                  rparam       000000
__Hpowerup                                powerup      000000
__Hram                                    ram          000000
__Hramtop                                 ramtop       002600
__Hrbit                                   rbit         000000
__Hrbss                                   rbss         000000
__Hrdata                                  rdata        000000
__Hreset_vec                              reset_vec    000004
__Hrparam                                 rparam       000000
__Hsfr                                    sfr          000000
__Hsmallconst                             smallconst   000000
__Hspace_0                                (abs)        020000
__Hspace_1                                (abs)        002600
__Hspace_2                                (abs)        000000
__Hspace_4                                (abs)        60000A
__Hstack                                  stack        000000
__Hstruct                                 struct       000000
__Htemp                                   temp         000000
__Htext                                   text         000000
__Htext0                                  text0        000000
__Htext1                                  text1        000000
__Htext10                                 text10       000000
__Htext11                                 text11       000000
__Htext12                                 text12       000000
__Htext13                                 text13       000000
__Htext14                                 text14       000000
__Htext15                                 text15       000000
__Htext16                                 text16       000000
__Htext17                                 text17       000000
__Htext18                                 text18       000000
__Htext19                                 text19       000000
__Htext2                                  text2        000000
__Htext20                                 text20       000000
__Htext21                                 text21       000000
__Htext22                                 text22       000000
__Htext23                                 text23       000000
__Htext24                                 text24       000000
__Htext25                                 text25       000000
__Htext26                                 text26       000000
__Htext27                                 text27       000000
__Htext28                                 text28       000000
__Htext29                                 text29       000000
__Htext3                                  text3        000000
__Htext30                                 text30       000000
__Htext31                                 text31       000000
__Htext32                                 text32       000000
__Htext33                                 text33       000000
__Htext34                                 text34       000000
__Htext35                                 text35       000000
__Htext36                                 text36       000000
__Htext37                                 text37       000000
__Htext38                                 text38       000000
__Htext39                                 text39       000000
__Htext4                                  text4        000000
__Htext40                                 text40       000000
__Htext41                                 text41       000000
__Htext42                                 text42       000000
__Htext43                                 text43       000000
__Htext44                                 text44       000000
__Htext45                                 text45       000000
__Htext46                                 text46       000000
__Htext47                                 text47       000000
__Htext48                                 text48       000000
__Htext49                                 text49       000000
__Htext5                                  text5        000000
__Htext50                                 text50       000000
__Htext51                                 text51       000000
__Htext52                                 text52       000000
__Htext53                                 text53       000000
__Htext6                                  text6        000000
__Htext7                                  text7        000000
__Htext8                                  text8        000000
__Htext9                                  text9        000000
__LRAM                                    (abs)        000001
__Labs1                                   abs1         000000
__Lbank10                                 bank10       000000
__Lbank11                                 bank11       000000
__Lbank12                                 bank12       000000
__Lbank13                                 bank13       000000
__Lbank14                                 bank14       000000
__Lbank15                                 bank15       000000
__Lbank16                                 bank16       000000
__Lbank17                                 bank17       000000
__Lbank18                                 bank18       000000
__Lbank19                                 bank19       000000
__Lbank20                                 bank20       000000
__Lbank21                                 bank21       000000
__Lbank22                                 bank22       000000
__Lbank23                                 bank23       000000
__Lbank24                                 bank24       000000
__Lbank25                                 bank25       000000
__Lbank26                                 bank26       000000
__Lbank27                                 bank27       000000
__Lbank28                                 bank28       000000
__Lbank29                                 bank29       000000
__Lbank30                                 bank30       000000
__Lbank31                                 bank31       000000
__Lbank32                                 bank32       000000
__Lbank33                                 bank33       000000
__Lbank34                                 bank34       000000
__Lbank35                                 bank35       000000
__Lbank36                                 bank36       000000
__Lbank37                                 bank37       000000
__Lbank5                                  bank5        000000
__Lbank6                                  bank6        000000
__Lbank7                                  bank7        000000
__Lbank8                                  bank8        000000
__Lbank9                                  bank9        000000
__Lbigbss                                 bigbss       000000
__Lbigdata                                bigdata      000000
__Lbigram                                 bigram       000000
__Lbss                                    bss          000000
__LbssBIGRAM                              bssBIGRAM    000000
__LbssCOMRAM                              bssCOMRAM    000000
__Lcinit                                  cinit        000000
__Lclrtext                                clrtext      000000
__Lcomram                                 comram       000000
__Lconfig                                 config       000000
__Lconst                                  const        000000
__LcstackCOMRAM                           cstackCOMRAM 000000
__Ldata                                   data         000000
__LdataCOMRAM                             dataCOMRAM   000000
__Leeprom_data                            eeprom_data  000000
__Lfarbss                                 farbss       000000
__Lfardata                                fardata      000000
__Libigdata                               ibigdata     000000
__Lidata                                  idata        000000
__LidataCOMRAM                            idataCOMRAM  000000
__Lidloc                                  idloc        000000
__Lifardata                               ifardata     000000
__Linit                                   init         01FFFC
__Lintsave_regs                           intsave_regs 000000
__Lirdata                                 irdata       000000
__Lmediumconst                            mediumconst  00FC74
__LnvFARRAM                               nvFARRAM     000000
__Lnvbit                                  nvbit        000000
__Lnvrram                                 nvrram       000000
__Lparam                                  rparam       000000
__Lpowerup                                powerup      000000
__Lram                                    ram          000000
__Lramtop                                 ramtop       002600
__Lrbit                                   rbit         000000
__Lrbss                                   rbss         000000
__Lrdata                                  rdata        000000
__Lreset_vec                              reset_vec    000000
__Lrparam                                 rparam       000000
__Lsfr                                    sfr          000000
__Lsmallconst                             smallconst   000000
__Lspace_0                                (abs)        000000
__Lspace_1                                (abs)        000000
__Lspace_2                                (abs)        000000
__Lspace_4                                (abs)        000000
__Lstack                                  stack        000000
__Lstruct                                 struct       000000
__Ltemp                                   temp         000000
__Ltext                                   text         000000
__Ltext0                                  text0        000000
__Ltext1                                  text1        000000
__Ltext10                                 text10       000000
__Ltext11                                 text11       000000
__Ltext12                                 text12       000000
__Ltext13                                 text13       000000
__Ltext14                                 text14       000000
__Ltext15                                 text15       000000
__Ltext16                                 text16       000000
__Ltext17                                 text17       000000
__Ltext18                                 text18       000000
__Ltext19                                 text19       000000
__Ltext2                                  text2        000000
__Ltext20                                 text20       000000
__Ltext21                                 text21       000000
__Ltext22                                 text22       000000
__Ltext23                                 text23       000000
__Ltext24                                 text24       000000
__Ltext25                                 text25       000000
__Ltext26                                 text26       000000
__Ltext27                                 text27       000000
__Ltext28                                 text28       000000
__Ltext29                                 text29       000000
__Ltext3                                  text3        000000
__Ltext30                                 text30       000000
__Ltext31                                 text31       000000
__Ltext32                                 text32       000000
__Ltext33                                 text33       000000
__Ltext34                                 text34       000000
__Ltext35                                 text35       000000
__Ltext36                                 text36       000000
__Ltext37                                 text37       000000
__Ltext38                                 text38       000000
__Ltext39                                 text39       000000
__Ltext4                                  text4        000000
__Ltext40                                 text40       000000
__Ltext41                                 text41       000000
__Ltext42                                 text42       000000
__Ltext43                                 text43       000000
__Ltext44                                 text44       000000
__Ltext45                                 text45       000000
__Ltext46                                 text46       000000
__Ltext47                                 text47       000000
__Ltext48                                 text48       000000
__Ltext49                                 text49       000000
__Ltext5                                  text5        000000
__Ltext50                                 text50       000000
__Ltext51                                 text51       000000
__Ltext52                                 text52       000000
__Ltext53                                 text53       000000
__Ltext6                                  text6        000000
__Ltext7                                  text7        000000
__Ltext8                                  text8        000000
__Ltext9                                  text9        000000
__S0                                      (abs)        020000
__S1                                      (abs)        002600
__S2                                      (abs)        000000
__S4                                      (abs)        000000
__S5                                      (abs)        000000
___awdiv                                  text30       010B68
___awdiv@counter                          cstackCOMRAM 000505
___awdiv@dividend                         cstackCOMRAM 000501
___awdiv@divisor                          cstackCOMRAM 000503
___awdiv@quotient                         cstackCOMRAM 000507
___awdiv@sign                             cstackCOMRAM 000506
___inthi_sp                               stack        000000
___intlo_sp                               stack        000000
___param_bank                             (abs)        000000
___rparam_used                            (abs)        000001
___sp                                     stack        000000
___wmul                                   text33       0117FC
___wmul@multiplicand                      cstackCOMRAM 000503
___wmul@multiplier                        cstackCOMRAM 000501
___wmul@product                           cstackCOMRAM 000505
__accesstop                               (abs)        000560
__activetblptr                            (abs)        000003
__end_of_DELAY_microseconds               text6        01157E
__end_of_DELAY_milliseconds               text5        0117FC
__end_of_OLEDC_COLOR_ALICEBLUE            mediumconst  00FDC3
__end_of_OLEDC_COLOR_ANTIQUEWHITE         mediumconst  00FDC1
__end_of_OLEDC_COLOR_AQUA                 mediumconst  00FDBF
__end_of_OLEDC_COLOR_AQUAMARINE           mediumconst  00FDBD
__end_of_OLEDC_COLOR_AZURE                mediumconst  00FDBB
__end_of_OLEDC_COLOR_BEIGE                mediumconst  00FDB9
__end_of_OLEDC_COLOR_BISQUE               mediumconst  00FDB7
__end_of_OLEDC_COLOR_BLACK                mediumconst  00FDB5
__end_of_OLEDC_COLOR_BLANCHEDALMOND       mediumconst  00FDB3
__end_of_OLEDC_COLOR_BLUE                 mediumconst  00FDB1
__end_of_OLEDC_COLOR_BLUEVIOLET           mediumconst  00FDAF
__end_of_OLEDC_COLOR_BROWN                mediumconst  00FDAD
__end_of_OLEDC_COLOR_BURLYWOOD            mediumconst  00FDAB
__end_of_OLEDC_COLOR_CADETBLUE            mediumconst  00FDA9
__end_of_OLEDC_COLOR_CHARTREUSE           mediumconst  00FDA7
__end_of_OLEDC_COLOR_CHOCOLATE            mediumconst  00FDA5
__end_of_OLEDC_COLOR_CORAL                mediumconst  00FDA3
__end_of_OLEDC_COLOR_CORNFLOWERBLUE       mediumconst  00FDA1
__end_of_OLEDC_COLOR_CORNSILK             mediumconst  00FD9F
__end_of_OLEDC_COLOR_CRIMSON              mediumconst  00FD9D
__end_of_OLEDC_COLOR_CYAN                 mediumconst  00FD9B
__end_of_OLEDC_COLOR_DARKBLUE             mediumconst  00FD99
__end_of_OLEDC_COLOR_DARKCYAN             mediumconst  00FD97
__end_of_OLEDC_COLOR_DARKGOLDENROD        mediumconst  00FD95
__end_of_OLEDC_COLOR_DARKGRAY             mediumconst  00FD93
__end_of_OLEDC_COLOR_DARKGREEN            mediumconst  00FD91
__end_of_OLEDC_COLOR_DARKGREY             mediumconst  00FD8F
__end_of_OLEDC_COLOR_DARKKHAKI            mediumconst  00FD8D
__end_of_OLEDC_COLOR_DARKMAGENTA          mediumconst  00FD8B
__end_of_OLEDC_COLOR_DARKOLIVEGREEN       mediumconst  00FD89
__end_of_OLEDC_COLOR_DARKORANGE           mediumconst  00FD87
__end_of_OLEDC_COLOR_DARKORCHID           mediumconst  00FD85
__end_of_OLEDC_COLOR_DARKRED              mediumconst  00FD83
__end_of_OLEDC_COLOR_DARKSALMON           mediumconst  00FD81
__end_of_OLEDC_COLOR_DARKSEAGREEN         mediumconst  00FD7F
__end_of_OLEDC_COLOR_DARKSLATEBLUE        mediumconst  00FD7D
__end_of_OLEDC_COLOR_DARKSLATEGRAY        mediumconst  00FD7B
__end_of_OLEDC_COLOR_DARKSLATEGREY        mediumconst  00FD79
__end_of_OLEDC_COLOR_DARKTURQUOISE        mediumconst  00FD77
__end_of_OLEDC_COLOR_DARKVIOLET           mediumconst  00FD75
__end_of_OLEDC_COLOR_DEEPPINK             mediumconst  00FD73
__end_of_OLEDC_COLOR_DEEPSKYBLUE          mediumconst  00FD71
__end_of_OLEDC_COLOR_DIMGRAY              mediumconst  00FD6F
__end_of_OLEDC_COLOR_DIMGREY              mediumconst  00FD6D
__end_of_OLEDC_COLOR_DODGERBLUE           mediumconst  00FD6B
__end_of_OLEDC_COLOR_FIREBRICK            mediumconst  00FD69
__end_of_OLEDC_COLOR_FLORALWHITE          mediumconst  00FD67
__end_of_OLEDC_COLOR_FORESTGREEN          mediumconst  00FD65
__end_of_OLEDC_COLOR_FUCHSIA              mediumconst  00FD63
__end_of_OLEDC_COLOR_GAINSBORO            mediumconst  00FD61
__end_of_OLEDC_COLOR_GHOSTWHITE           mediumconst  00FD5F
__end_of_OLEDC_COLOR_GOLD                 mediumconst  00FD5D
__end_of_OLEDC_COLOR_GOLDENROD            mediumconst  00FD5B
__end_of_OLEDC_COLOR_GRAY                 mediumconst  00FD59
__end_of_OLEDC_COLOR_GREEN                mediumconst  00FD57
__end_of_OLEDC_COLOR_GREENYELLOW          mediumconst  00FD55
__end_of_OLEDC_COLOR_GREY                 mediumconst  00FD53
__end_of_OLEDC_COLOR_HONEYDEW             mediumconst  00FD51
__end_of_OLEDC_COLOR_HOTPINK              mediumconst  00FD4F
__end_of_OLEDC_COLOR_INDIANRED            mediumconst  00FD4D
__end_of_OLEDC_COLOR_INDIGO               mediumconst  00FD4B
__end_of_OLEDC_COLOR_IVORY                mediumconst  00FD49
__end_of_OLEDC_COLOR_KHAKI                mediumconst  00FD47
__end_of_OLEDC_COLOR_LAVENDER             mediumconst  00FD45
__end_of_OLEDC_COLOR_LAVENDERBLUSH        mediumconst  00FD43
__end_of_OLEDC_COLOR_LAWNGREEN            mediumconst  00FD41
__end_of_OLEDC_COLOR_LEMONCHIFFON         mediumconst  00FD3F
__end_of_OLEDC_COLOR_LIGHTBLUE            mediumconst  00FD3D
__end_of_OLEDC_COLOR_LIGHTCORAL           mediumconst  00FD3B
__end_of_OLEDC_COLOR_LIGHTCYAN            mediumconst  00FD39
__end_of_OLEDC_COLOR_LIGHTGOLDENRODYELLOW mediumconst  00FD37
__end_of_OLEDC_COLOR_LIGHTGRAY            mediumconst  00FD35
__end_of_OLEDC_COLOR_LIGHTGREEN           mediumconst  00FD33
__end_of_OLEDC_COLOR_LIGHTGREY            mediumconst  00FD31
__end_of_OLEDC_COLOR_LIGHTPINK            mediumconst  00FD2F
__end_of_OLEDC_COLOR_LIGHTSALMON          mediumconst  00FD2D
__end_of_OLEDC_COLOR_LIGHTSEAGREEN        mediumconst  00FD2B
__end_of_OLEDC_COLOR_LIGHTSKYBLUE         mediumconst  00FD29
__end_of_OLEDC_COLOR_LIGHTSLATEGRAY       mediumconst  00FD27
__end_of_OLEDC_COLOR_LIGHTSLATEGREY       mediumconst  00FD25
__end_of_OLEDC_COLOR_LIGHTSTEELBLUE       mediumconst  00FD23
__end_of_OLEDC_COLOR_LIGHTYELLOW          mediumconst  00FD21
__end_of_OLEDC_COLOR_LIME                 mediumconst  00FD1F
__end_of_OLEDC_COLOR_LIMEGREEN            mediumconst  00FD1D
__end_of_OLEDC_COLOR_LINEN                mediumconst  00FD1B
__end_of_OLEDC_COLOR_MAGENTA              mediumconst  00FD19
__end_of_OLEDC_COLOR_MAROON               mediumconst  00FD17
__end_of_OLEDC_COLOR_MEDIUMAQUAMARINE     mediumconst  00FD15
__end_of_OLEDC_COLOR_MEDIUMBLUE           mediumconst  00FD13
__end_of_OLEDC_COLOR_MEDIUMORCHID         mediumconst  00FD11
__end_of_OLEDC_COLOR_MEDIUMPURPLE         mediumconst  00FD0F
__end_of_OLEDC_COLOR_MEDIUMSEAGREEN       mediumconst  00FD0D
__end_of_OLEDC_COLOR_MEDIUMSLATEBLUE      mediumconst  00FD0B
__end_of_OLEDC_COLOR_MEDIUMSPRINGGREEN    mediumconst  00FD09
__end_of_OLEDC_COLOR_MEDIUMTURQUOISE      mediumconst  00FD07
__end_of_OLEDC_COLOR_MEDIUMVIOLETRED      mediumconst  00FD05
__end_of_OLEDC_COLOR_MIDNIGHTBLUE         mediumconst  00FD03
__end_of_OLEDC_COLOR_MINTCREAM            mediumconst  00FD01
__end_of_OLEDC_COLOR_MISTYROSE            mediumconst  00FCFF
__end_of_OLEDC_COLOR_MOCCASIN             mediumconst  00FCFD
__end_of_OLEDC_COLOR_NAVAJOWHITE          mediumconst  00FCFB
__end_of_OLEDC_COLOR_NAVY                 mediumconst  00FCF9
__end_of_OLEDC_COLOR_OLDLACE              mediumconst  00FCF7
__end_of_OLEDC_COLOR_OLIVE                mediumconst  00FCF5
__end_of_OLEDC_COLOR_OLIVEDRAB            mediumconst  00FCF3
__end_of_OLEDC_COLOR_ORANGE               mediumconst  00FCF1
__end_of_OLEDC_COLOR_ORANGERED            mediumconst  00FCEF
__end_of_OLEDC_COLOR_ORCHID               mediumconst  00FCED
__end_of_OLEDC_COLOR_PALEGOLDENROD        mediumconst  00FCEB
__end_of_OLEDC_COLOR_PALEGREEN            mediumconst  00FCE9
__end_of_OLEDC_COLOR_PALETURQUOISE        mediumconst  00FCE7
__end_of_OLEDC_COLOR_PALEVIOLETRED        mediumconst  00FCE5
__end_of_OLEDC_COLOR_PAPAYAWHIP           mediumconst  00FCE3
__end_of_OLEDC_COLOR_PEACHPUFF            mediumconst  00FCE1
__end_of_OLEDC_COLOR_PERU                 mediumconst  00FCDF
__end_of_OLEDC_COLOR_PINK                 mediumconst  00FCDD
__end_of_OLEDC_COLOR_PLUM                 mediumconst  00FCDB
__end_of_OLEDC_COLOR_POWDERBLUE           mediumconst  00FCD9
__end_of_OLEDC_COLOR_PURPLE               mediumconst  00FCD7
__end_of_OLEDC_COLOR_RED                  mediumconst  00FCD5
__end_of_OLEDC_COLOR_ROSYBROWN            mediumconst  00FCD3
__end_of_OLEDC_COLOR_ROYALBLUE            mediumconst  00FCD1
__end_of_OLEDC_COLOR_SADDLEBROWN          mediumconst  00FCCF
__end_of_OLEDC_COLOR_SALMON               mediumconst  00FCCD
__end_of_OLEDC_COLOR_SANDYBROWN           mediumconst  00FCCB
__end_of_OLEDC_COLOR_SEAGREEN             mediumconst  00FCC9
__end_of_OLEDC_COLOR_SEASHELL             mediumconst  00FCC7
__end_of_OLEDC_COLOR_SIENNA               mediumconst  00FCC5
__end_of_OLEDC_COLOR_SILVER               mediumconst  00FCC3
__end_of_OLEDC_COLOR_SKYBLUE              mediumconst  00FCC1
__end_of_OLEDC_COLOR_SLATEBLUE            mediumconst  00FCBF
__end_of_OLEDC_COLOR_SLATEGRAY            mediumconst  00FCBD
__end_of_OLEDC_COLOR_SLATEGREY            mediumconst  00FCBB
__end_of_OLEDC_COLOR_SNOW                 mediumconst  00FCB9
__end_of_OLEDC_COLOR_SPRINGGREEN          mediumconst  00FCB7
__end_of_OLEDC_COLOR_STEELBLUE            mediumconst  00FCB5
__end_of_OLEDC_COLOR_TAN                  mediumconst  00FCB3
__end_of_OLEDC_COLOR_TEAL                 mediumconst  00FCB1
__end_of_OLEDC_COLOR_THISTLE              mediumconst  00FCAF
__end_of_OLEDC_COLOR_TOMATO               mediumconst  00FCAD
__end_of_OLEDC_COLOR_TURQUOISE            mediumconst  00FCAB
__end_of_OLEDC_COLOR_VIOLET               mediumconst  00FCA9
__end_of_OLEDC_COLOR_WHEAT                mediumconst  00FCA7
__end_of_OLEDC_COLOR_WHITE                mediumconst  00FCA5
__end_of_OLEDC_COLOR_WHITESMOKE           mediumconst  00FCA3
__end_of_OLEDC_COLOR_YELLOW               mediumconst  00FCA1
__end_of_OLEDC_COLOR_YELLOWGREEN          mediumconst  00FC9F
__end_of_OLED_DIM_HEIGHT                  mediumconst  00FDC5
__end_of_OLED_DIM_WIDTH                   mediumconst  00FDC6
__end_of_OLED_FONT_HEIGHT                 mediumconst  00FFFE
__end_of_OLED_FONT_WIDTH                  mediumconst  00FDC4
__end_of_OSCILLATOR_Initialize            text52       011888
__end_of_PIN_MANAGER_Initialize           text51       010DA8
__end_of_PMD_Initialize                   text50       01184A
__end_of_SPI1_Close                       text48       011908
__end_of_SPI1_ExchangeByte                text47       01186C
__end_of_SPI1_Initialize                  text49       0118BC
__end_of_SPI1_Open                        text46       010A88
__end_of_SPI1_WriteBlock                  text43       01168E
__end_of_SYSTEM_Initialize                text1        0118A2
__end_of___awdiv                          text30       010C2C
__end_of___wmul                           text33       011826
__end_of__initialization                  cinit        011734
__end_of_drawBitmap                       text19       011096
__end_of_drawCharacter                    text21       0111E4
__end_of_drawCircle                       text25       0115CA
__end_of_drawLine                         text22       011250
__end_of_drawPoint                        text18       0116CA
__end_of_drawRectangle                    text23       01143A
__end_of_drawRing                         text24       011496
__end_of_drawString                       text20       01110A
__end_of_dummyshape                       text26       01190A
__end_of_exchangeTwoBytes                 text44       010B68
__end_of_font                             mediumconst  00FFA1
__end_of_logo                             mediumconst  00FFFD
__end_of_main                             text0        0118EE
__end_of_oledC_DrawBitmap                 text35       0106B6
__end_of_oledC_DrawCharacter              text34       0109A6
__end_of_oledC_DrawCircle                 text31       010430
__end_of_oledC_DrawLine                   text29       0107C2
__end_of_oledC_DrawPoint                  text32       011612
__end_of_oledC_DrawRectangle              text36       010F8A
__end_of_oledC_DrawRing                   text28       01058E
__end_of_oledC_DrawString                 text27       0112BA
__end_of_oledC_addShape                   text14       010E4E
__end_of_oledC_clearScreen                text11       0114E4
__end_of_oledC_createShape                text15       010272
__end_of_oledC_eraseShape                 text16       011012
__end_of_oledC_example                    text7        011320
__end_of_oledC_example_setup              text9        010CEE
__end_of_oledC_getShape                   text17       011704
__end_of_oledC_open                       text45       011902
__end_of_oledC_redrawAll                  text12       0118FA
__end_of_oledC_redrawIndex                text8        011650
__end_of_oledC_redrawSome                 text13       010EEE
__end_of_oledC_sendColorInt               text39       01176E
__end_of_oledC_sendCommand                text41       0108BA
__end_of_oledC_setBackground              text10       0118E2
__end_of_oledC_setColumnAddressBounds     text38       011178
__end_of_oledC_setDisplayOrientation      text4        0117CE
__end_of_oledC_setRowAddressBounds        text37       011382
__end_of_oledC_setSleepMode               text3        0117A0
__end_of_oledC_setup                      text2        0113DE
__end_of_oledC_startWritingDisplay        text40       0118D4
__end_of_spi1_configuration               mediumconst  00FC9D
__end_of_spiMaster                        mediumconst  00FC93
__end_of_startStreamingIfNeeded           text42       011532
__initialization                          cinit        011704
__mediumconst                             mediumconst  00FC74
__pbssBIGRAM                              bssBIGRAM    002440
__pbssCOMRAM                              bssCOMRAM    00054D
__pcinit                                  cinit        011704
__pcstackCOMRAM                           cstackCOMRAM 000501
__pdataCOMRAM                             dataCOMRAM   000551
__pidataCOMRAM                            idataCOMRAM  01190A
__pmediumconst                            mediumconst  00FC74
__ptext0                                  text0        0118E2
__ptext1                                  text1        011888
__ptext10                                 text10       0118D4
__ptext11                                 text11       011496
__ptext12                                 text12       0118EE
__ptext13                                 text13       010E4E
__ptext14                                 text14       010DA8
__ptext15                                 text15       010000
__ptext16                                 text16       010F8A
__ptext17                                 text17       0116CA
__ptext18                                 text18       01168E
__ptext19                                 text19       011012
__ptext2                                  text2        011382
__ptext20                                 text20       011096
__ptext21                                 text21       011178
__ptext22                                 text22       0111E4
__ptext23                                 text23       0113DE
__ptext24                                 text24       01143A
__ptext25                                 text25       01157E
__ptext26                                 text26       011908
__ptext27                                 text27       011250
__ptext28                                 text28       010430
__ptext29                                 text29       0106B6
__ptext3                                  text3        01176E
__ptext30                                 text30       010B68
__ptext31                                 text31       010272
__ptext32                                 text32       0115CA
__ptext33                                 text33       0117FC
__ptext34                                 text34       0108BA
__ptext35                                 text35       01058E
__ptext36                                 text36       010EEE
__ptext37                                 text37       011320
__ptext38                                 text38       01110A
__ptext39                                 text39       01173A
__ptext4                                  text4        0117A0
__ptext40                                 text40       0118BC
__ptext41                                 text41       0107C2
__ptext42                                 text42       0114E4
__ptext43                                 text43       011650
__ptext44                                 text44       010A88
__ptext45                                 text45       0118FA
__ptext46                                 text46       0109A6
__ptext47                                 text47       01184A
__ptext48                                 text48       011902
__ptext49                                 text49       0118A2
__ptext5                                  text5        0117CE
__ptext50                                 text50       011826
__ptext51                                 text51       010CEE
__ptext52                                 text52       01186C
__ptext53                                 text53       000000
__ptext6                                  text6        011532
__ptext7                                  text7        0112BA
__ptext8                                  text8        011612
__ptext9                                  text9        010C2C
__ramtop                                  ramtop       002600
__size_of_DELAY_microseconds              (abs)        000000
__size_of_DELAY_milliseconds              (abs)        000000
__size_of_OSCILLATOR_Initialize           (abs)        000000
__size_of_PIN_MANAGER_Initialize          (abs)        000000
__size_of_PMD_Initialize                  (abs)        000000
__size_of_SPI1_Close                      (abs)        000000
__size_of_SPI1_ExchangeByte               (abs)        000000
__size_of_SPI1_Initialize                 (abs)        000000
__size_of_SPI1_Open                       (abs)        000000
__size_of_SPI1_WriteBlock                 (abs)        000000
__size_of_SYSTEM_Initialize               (abs)        000000
__size_of___awdiv                         (abs)        000000
__size_of___wmul                          (abs)        000000
__size_of_drawBitmap                      (abs)        000000
__size_of_drawCharacter                   (abs)        000000
__size_of_drawCircle                      (abs)        000000
__size_of_drawLine                        (abs)        000000
__size_of_drawPoint                       (abs)        000000
__size_of_drawRectangle                   (abs)        000000
__size_of_drawRing                        (abs)        000000
__size_of_drawString                      (abs)        000000
__size_of_dummyshape                      (abs)        000000
__size_of_exchangeTwoBytes                (abs)        000000
__size_of_main                            (abs)        000000
__size_of_oledC_DrawBitmap                (abs)        000000
__size_of_oledC_DrawCharacter             (abs)        000000
__size_of_oledC_DrawCircle                (abs)        000000
__size_of_oledC_DrawLine                  (abs)        000000
__size_of_oledC_DrawPoint                 (abs)        000000
__size_of_oledC_DrawRectangle             (abs)        000000
__size_of_oledC_DrawRing                  (abs)        000000
__size_of_oledC_DrawString                (abs)        000000
__size_of_oledC_addShape                  (abs)        000000
__size_of_oledC_clearScreen               (abs)        000000
__size_of_oledC_createShape               (abs)        000000
__size_of_oledC_eraseShape                (abs)        000000
__size_of_oledC_example                   (abs)        000000
__size_of_oledC_example_setup             (abs)        000000
__size_of_oledC_getShape                  (abs)        000000
__size_of_oledC_open                      (abs)        000000
__size_of_oledC_redrawAll                 (abs)        000000
__size_of_oledC_redrawIndex               (abs)        000000
__size_of_oledC_redrawSome                (abs)        000000
__size_of_oledC_sendColorInt              (abs)        000000
__size_of_oledC_sendCommand               (abs)        000000
__size_of_oledC_setBackground             (abs)        000000
__size_of_oledC_setColumnAddressBounds    (abs)        000000
__size_of_oledC_setDisplayOrientation     (abs)        000000
__size_of_oledC_setRowAddressBounds       (abs)        000000
__size_of_oledC_setSleepMode              (abs)        000000
__size_of_oledC_setup                     (abs)        000000
__size_of_oledC_startWritingDisplay       (abs)        000000
__size_of_startStreamingIfNeeded          (abs)        000000
__smallconst                              smallconst   000000
_allParsedShapes                          bssBIGRAM    002440
_background_color                         bssCOMRAM    00054D
_drawBitmap                               text19       011012
_drawCharacter                            text21       011178
_drawCircle                               text25       01157E
_drawLine                                 text22       0111E4
_drawPoint                                text18       01168E
_drawRectangle                            text23       0113DE
_drawRing                                 text24       01143A
_drawString                               text20       011096
_dummyshape                               text26       011908
_exampleInitialized                       bssCOMRAM    000550
_exchangeTwoBytes                         text44       010A88
_font                                     mediumconst  00FDC6
_logo                                     mediumconst  00FFA1
_main                                     text0        0118E2
_oledC_DrawBitmap                         text35       01058E
_oledC_DrawBitmap$485                     cstackCOMRAM 000530
_oledC_DrawBitmap$486                     cstackCOMRAM 000532
_oledC_DrawCharacter                      text34       0108BA
_oledC_DrawCircle                         text31       010272
_oledC_DrawCircle$422                     cstackCOMRAM 00051D
_oledC_DrawLine                           text29       0106B6
_oledC_DrawLine$444                       cstackCOMRAM 000531
_oledC_DrawPoint                          text32       0115CA
_oledC_DrawRectangle                      text36       010EEE
_oledC_DrawRing                           text28       010430
_oledC_DrawString                         text27       011250
_oledC_addShape                           text14       010DA8
_oledC_addShape$1887                      cstackCOMRAM 00050D
_oledC_clearScreen                        text11       011496
_oledC_createShape                        text15       010000
_oledC_eraseShape                         text16       010F8A
_oledC_example                            text7        0112BA
_oledC_example_setup                      text9        010C2C
_oledC_getShape                           text17       0116CA
_oledC_getShape$1880                      cstackCOMRAM 000503
_oledC_open                               text45       0118FA
_oledC_redrawAll                          text12       0118EE
_oledC_redrawIndex                        text8        011612
_oledC_redrawSome                         text13       010E4E
_oledC_redrawSome$1899                    cstackCOMRAM 00053F
_oledC_sendColorInt                       text39       01173A
_oledC_sendCommand                        text41       0107C2
_oledC_setBackground                      text10       0118D4
_oledC_setColumnAddressBounds             text38       01110A
_oledC_setColumnAddressBounds$1642        cstackCOMRAM 00050D
_oledC_setColumnAddressBounds$1643        cstackCOMRAM 00050F
_oledC_setDisplayOrientation              text4        0117A0
_oledC_setRowAddressBounds                text37       011320
_oledC_setRowAddressBounds$1636           cstackCOMRAM 00050F
_oledC_setRowAddressBounds$1637           cstackCOMRAM 000511
_oledC_setSleepMode                       text3        01176E
_oledC_setSleepMode$1647                  cstackCOMRAM 00050D
_oledC_setup                              text2        011382
_oledC_startWritingDisplay                text40       0118BC
_spi1_configuration                       mediumconst  00FC93
_spiMaster                                mediumconst  00FC75
_startStreamingIfNeeded                   text42       0114E4
_streamingMode                            bssCOMRAM    00054F
drawBitmap@shape                          cstackCOMRAM 00053B
drawCharacter@shape                       cstackCOMRAM 00053B
drawCircle@shape                          cstackCOMRAM 00053B
drawLine@shape                            cstackCOMRAM 00053B
drawPoint@shape                           cstackCOMRAM 00053B
drawRectangle@shape                       cstackCOMRAM 00053B
drawRing@shape                            cstackCOMRAM 00053B
drawString@shape                          cstackCOMRAM 00053B
dummyshape@shape                          cstackCOMRAM 00053B
end_of_initialization                     cinit        011734
exchangeTwoBytes@byte1                    cstackCOMRAM 000507
exchangeTwoBytes@byte2                    cstackCOMRAM 000503
intlevel0                                 text         000000
intlevel1                                 text         000000
intlevel2                                 text         000000
intlevel3                                 text         000000
isa$std                                   (abs)        000001
isa$xinst                                 (abs)        000000
oledC_DrawBitmap@bitNum                   cstackCOMRAM 000538
oledC_DrawBitmap@bitmap                   cstackCOMRAM 000526
oledC_DrawBitmap@bitmap_length            cstackCOMRAM 000528
oledC_DrawBitmap@bitmap_width             cstackCOMRAM 000537
oledC_DrawBitmap@color                    cstackCOMRAM 000522
oledC_DrawBitmap@curr_x                   cstackCOMRAM 000535
oledC_DrawBitmap@curr_y                   cstackCOMRAM 000534
oledC_DrawBitmap@rowBits                  cstackCOMRAM 00052C
oledC_DrawBitmap@rowNum                   cstackCOMRAM 000536
oledC_DrawBitmap@sx                       cstackCOMRAM 000524
oledC_DrawBitmap@sy                       cstackCOMRAM 000525
oledC_DrawBitmap@x                        cstackCOMRAM 00052B
oledC_DrawBitmap@y                        cstackCOMRAM 000521
oledC_DrawCharacter@ch                    cstackCOMRAM 000524
oledC_DrawCharacter@color                 cstackCOMRAM 000525
oledC_DrawCharacter@curr_char_byte        cstackCOMRAM 00052D
oledC_DrawCharacter@f                     cstackCOMRAM 00052B
oledC_DrawCharacter@i_x                   cstackCOMRAM 00052F
oledC_DrawCharacter@i_y                   cstackCOMRAM 000531
oledC_DrawCharacter@sx                    cstackCOMRAM 000522
oledC_DrawCharacter@sy                    cstackCOMRAM 000523
oledC_DrawCharacter@x                     cstackCOMRAM 00052E
oledC_DrawCharacter@y                     cstackCOMRAM 000521
oledC_DrawCircle@color                    cstackCOMRAM 00051A
oledC_DrawCircle@d                        cstackCOMRAM 00051F
oledC_DrawCircle@radius                   cstackCOMRAM 000519
oledC_DrawCircle@x                        cstackCOMRAM 000524
oledC_DrawCircle@x0                       cstackCOMRAM 000523
oledC_DrawCircle@xCurr                    cstackCOMRAM 000521
oledC_DrawCircle@y                        cstackCOMRAM 000525
oledC_DrawCircle@y0                       cstackCOMRAM 000518
oledC_DrawCircle@yMax                     cstackCOMRAM 000522
oledC_DrawLine@D                          cstackCOMRAM 000536
oledC_DrawLine@color                      cstackCOMRAM 00052A
oledC_DrawLine@dx                         cstackCOMRAM 000534
oledC_DrawLine@dy                         cstackCOMRAM 000535
oledC_DrawLine@width                      cstackCOMRAM 000529
oledC_DrawLine@x                          cstackCOMRAM 000537
oledC_DrawLine@x0                         cstackCOMRAM 000533
oledC_DrawLine@x1                         cstackCOMRAM 000527
oledC_DrawLine@y                          cstackCOMRAM 000538
oledC_DrawLine@y0                         cstackCOMRAM 000526
oledC_DrawLine@y1                         cstackCOMRAM 000528
oledC_DrawPoint@color                     cstackCOMRAM 000515
oledC_DrawPoint@x                         cstackCOMRAM 000517
oledC_DrawPoint@y                         cstackCOMRAM 000514
oledC_DrawRectangle@color                 cstackCOMRAM 000517
oledC_DrawRectangle@end_x                 cstackCOMRAM 000515
oledC_DrawRectangle@end_y                 cstackCOMRAM 000516
oledC_DrawRectangle@start_x               cstackCOMRAM 000520
oledC_DrawRectangle@start_y               cstackCOMRAM 000514
oledC_DrawRectangle@x                     cstackCOMRAM 00051E
oledC_DrawRectangle@y                     cstackCOMRAM 00051F
oledC_DrawRing@color                      cstackCOMRAM 00051B
oledC_DrawRing@d                          cstackCOMRAM 00051E
oledC_DrawRing@radius                     cstackCOMRAM 000519
oledC_DrawRing@width                      cstackCOMRAM 00051A
oledC_DrawRing@x                          cstackCOMRAM 000521
oledC_DrawRing@x0                         cstackCOMRAM 000520
oledC_DrawRing@y                          cstackCOMRAM 000522
oledC_DrawRing@y0                         cstackCOMRAM 000518
oledC_DrawString@color                    cstackCOMRAM 000538
oledC_DrawString@string                   cstackCOMRAM 000536
oledC_DrawString@sx                       cstackCOMRAM 000534
oledC_DrawString@sy                       cstackCOMRAM 000535
oledC_DrawString@x                        cstackCOMRAM 00053A
oledC_DrawString@y                        cstackCOMRAM 000533
oledC_addShape@drawIndex                  cstackCOMRAM 00050F
oledC_addShape@i                          cstackCOMRAM 000510
oledC_addShape@newShape                   cstackCOMRAM 00050B
oledC_addShape@params                     cstackCOMRAM 000509
oledC_addShape@shape_type                 cstackCOMRAM 000508
oledC_clearScreen@x                       cstackCOMRAM 000514
oledC_clearScreen@y                       cstackCOMRAM 000515
oledC_createShape@newShape                cstackCOMRAM 000503
oledC_createShape@params                  cstackCOMRAM 000501
oledC_createShape@shape_type              cstackCOMRAM 000507
oledC_eraseShape@eraseColor               cstackCOMRAM 00053D
oledC_eraseShape@indShape                 cstackCOMRAM 000541
oledC_eraseShape@ourShape                 cstackCOMRAM 000542
oledC_eraseShape@saveColor                cstackCOMRAM 00053F
oledC_example@moveIt                      cstackCOMRAM 00054B
oledC_example@shift                       dataCOMRAM   000551
oledC_example_setup@params                cstackCOMRAM 000542
oledC_getShape@index                      cstackCOMRAM 000505
oledC_redrawIndex@indShape                cstackCOMRAM 00053D
oledC_redrawSome@endInd                   cstackCOMRAM 00053D
oledC_redrawSome@i                        cstackCOMRAM 000541
oledC_redrawSome@startInd                 cstackCOMRAM 00053E
oledC_sendColorInt@raw                    cstackCOMRAM 00050C
oledC_sendCommand@cmd                     cstackCOMRAM 00050B
oledC_sendCommand@payload                 cstackCOMRAM 000508
oledC_sendCommand@payload_size            cstackCOMRAM 00050A
oledC_setBackground@color                 cstackCOMRAM 000516
oledC_setColumnAddressBounds@max          cstackCOMRAM 00050C
oledC_setColumnAddressBounds@min          cstackCOMRAM 000513
oledC_setColumnAddressBounds@payload      cstackCOMRAM 000511
oledC_setDisplayOrientation@payload       cstackCOMRAM 00050C
oledC_setRowAddressBounds@max             cstackCOMRAM 00050C
oledC_setRowAddressBounds@min             cstackCOMRAM 000513
oledC_setRowAddressBounds@payload         cstackCOMRAM 00050D
oledC_setSleepMode@on                     cstackCOMRAM 00050C
stackhi                                   (abs)        00243F
stacklo                                   (abs)        000560
start                                     init         01FFFC
startStreamingIfNeeded@cmd                cstackCOMRAM 000501
start_initialization                      cinit        011704


MODULE INFORMATION

Module		Function		Class		Link	Load	Size
C:\Program Files\Microchip\xc8\v2.32\pic\sources\c99\common\awdiv.c
		___awdiv       		CODE           	10B68	0000	196

C:\Program Files\Microchip\xc8\v2.32\pic\sources\c99\common\awdiv.c estimated size: 196

mcc_generated_files/oledC_shapeHandler.c
		_oledC_redrawSome		CODE           	10E4E	0000	160
		_oledC_eraseShape		CODE           	10F8A	0000	136
		_oledC_redrawIndex		CODE           	11612	0000	62
		_dummyshape    		CODE           	11908	0000	2
		_oledC_redrawAll		CODE           	118EE	0000	12
		_oledC_addShape		CODE           	10DA8	0000	166
		_oledC_getShape		CODE           	116CA	0000	58

mcc_generated_files/oledC_shapeHandler.c estimated size: 596

mcc_generated_files/oledC_shapes.c
		_oledC_createShape		CODE           	10000	0000	626
		_drawCircle    		CODE           	1157E	0000	76
		_drawRectangle 		CODE           	113DE	0000	92
		_oledC_DrawPoint		CODE           	115CA	0000	72
		_drawCharacter 		CODE           	11178	0000	108
		_drawPoint     		CODE           	1168E	0000	60
		_drawBitmap    		CODE           	11012	0000	132
		_oledC_DrawRectangle		CODE           	10EEE	0000	156
		_oledC_DrawCircle		CODE           	10272	0000	446
		_drawString    		CODE           	11096	0000	116
		_oledC_DrawString		CODE           	11250	0000	106
		_oledC_DrawBitmap		CODE           	1058E	0000	296
		_oledC_DrawLine		CODE           	106B6	0000	268
		_oledC_DrawRing		CODE           	10430	0000	350
		_drawLine      		CODE           	111E4	0000	108
		_drawRing      		CODE           	1143A	0000	92
		_oledC_DrawCharacter		CODE           	108BA	0000	236

mcc_generated_files/oledC_shapes.c estimated size: 3340

mcc_generated_files/pin_manager.c
		_PIN_MANAGER_Initialize		CODE           	10CEE	0000	186

mcc_generated_files/pin_manager.c estimated size: 186

mcc_generated_files/spi1.c
		_SPI1_WriteBlock		CODE           	11650	0000	62
		_SPI1_Open     		CODE           	109A6	0000	226
		_SPI1_Initialize		CODE           	118A2	0000	26
		_SPI1_Close    		CODE           	11902	0000	6
		_SPI1_ExchangeByte		CODE           	1184A	0000	34

mcc_generated_files/spi1.c estimated size: 354

C:\Program Files\Microchip\xc8\v2.32\pic\sources\c99\common\Umul16.c
		___wmul        		CODE           	117FC	0000	42

C:\Program Files\Microchip\xc8\v2.32\pic\sources\c99\common\Umul16.c estimated size: 42

mcc_generated_files/oledC_example.c
		_oledC_clearScreen		CODE           	11496	0000	78
		_oledC_example 		CODE           	112BA	0000	102
		_oledC_example_setup		CODE           	10C2C	0000	194
		_oledC_setBackground		CODE           	118D4	0000	14

mcc_generated_files/oledC_example.c estimated size: 388

mcc_generated_files/drivers/spi_master.c
		_oledC_open    		CODE           	118FA	0000	8

mcc_generated_files/drivers/spi_master.c estimated size: 8

shared
		_OLEDC_COLOR_SALMON		MEDIUMCONST    	FCCB	0000	2
		_OLEDC_COLOR_THISTLE		MEDIUMCONST    	FCAD	0000	2
		_OLEDC_COLOR_ALICEBLUE		MEDIUMCONST    	FDC1	0000	2
		_OLEDC_COLOR_MAROON		MEDIUMCONST    	FD15	0000	2
		_OLEDC_COLOR_LIGHTSLATEGRAY		MEDIUMCONST    	FD25	0000	2
		_OLEDC_COLOR_LIGHTSLATEGREY		MEDIUMCONST    	FD23	0000	2
		_OLEDC_COLOR_LIGHTGREEN		MEDIUMCONST    	FD31	0000	2
		_OLEDC_COLOR_TOMATO		MEDIUMCONST    	FCAB	0000	2
		_OLEDC_COLOR_VIOLET		MEDIUMCONST    	FCA7	0000	2
		_OLEDC_COLOR_PALEVIOLETRED		MEDIUMCONST    	FCE3	0000	2
		_OLEDC_COLOR_SILVER		MEDIUMCONST    	FCC1	0000	2
		_OLEDC_COLOR_RED		MEDIUMCONST    	0000	0000	0
		_OLEDC_COLOR_DARKSEAGREEN		MEDIUMCONST    	FD7D	0000	2
		_OLEDC_COLOR_TAN		MEDIUMCONST    	FCB1	0000	2
		_OLEDC_COLOR_DARKSALMON		MEDIUMCONST    	FD7F	0000	2
		_OLEDC_COLOR_MIDNIGHTBLUE		MEDIUMCONST    	FD01	0000	2
		_OLEDC_COLOR_SKYBLUE		MEDIUMCONST    	FCBF	0000	2
		_OLEDC_COLOR_DARKORCHID		MEDIUMCONST    	FD83	0000	2
		_OLEDC_COLOR_LIGHTSTEELBLUE		MEDIUMCONST    	FD21	0000	2
		_OLEDC_COLOR_SLATEBLUE		MEDIUMCONST    	FCBD	0000	2
		_OLEDC_COLOR_STEELBLUE		MEDIUMCONST    	FCB3	0000	2
		_OLEDC_COLOR_PALEGOLDENROD		MEDIUMCONST    	FCE9	0000	2
		_OLEDC_COLOR_ROYALBLUE		MEDIUMCONST    	FCCF	0000	2
		_OLEDC_COLOR_DARKGOLDENROD		MEDIUMCONST    	FD93	0000	2
		_OLEDC_COLOR_CADETBLUE		MEDIUMCONST    	FDA7	0000	2
		_OLEDC_COLOR_BEIGE		MEDIUMCONST    	FDB7	0000	2
		_OLEDC_COLOR_SLATEGRAY		MEDIUMCONST    	FCBB	0000	2
		_OLEDC_COLOR_OLIVEDRAB		MEDIUMCONST    	FCF1	0000	2
		_OLEDC_COLOR_YELLOW		MEDIUMCONST    	0000	0000	0
		_OLEDC_COLOR_BLACK		MEDIUMCONST    	FDB3	0000	2
		_OLEDC_COLOR_MEDIUMVIOLETRED		MEDIUMCONST    	FD03	0000	2
		_OLEDC_COLOR_DARKOLIVEGREEN		MEDIUMCONST    	FD87	0000	2
		_OLEDC_COLOR_LIGHTBLUE		MEDIUMCONST    	FD3B	0000	2
		_OLEDC_COLOR_HOTPINK		MEDIUMCONST    	FD4D	0000	2
		_OLEDC_COLOR_BURLYWOOD		MEDIUMCONST    	FDA9	0000	2
		_OLEDC_COLOR_KHAKI		MEDIUMCONST    	FD45	0000	2
		_OLEDC_COLOR_SPRINGGREEN		MEDIUMCONST    	FCB5	0000	2
		_font          		MEDIUMCONST    	FDC6	0000	475
		_OLEDC_COLOR_CORAL		MEDIUMCONST    	FDA1	0000	2
		_OLEDC_COLOR_DEEPSKYBLUE		MEDIUMCONST    	FD6F	0000	2
		_OLEDC_COLOR_WHITE		MEDIUMCONST    	0000	0000	0
		_OLEDC_COLOR_CORNFLOWERBLUE		MEDIUMCONST    	FD9F	0000	2
		_OLEDC_COLOR_GREEN		MEDIUMCONST    	0000	0000	0
		_OLEDC_COLOR_OLIVE		MEDIUMCONST    	FCF3	0000	2
		_OLEDC_COLOR_PALEGREEN		MEDIUMCONST    	FCE7	0000	2
		_OLEDC_COLOR_LINEN		MEDIUMCONST    	FD19	0000	2
		_OLEDC_COLOR_LIMEGREEN		MEDIUMCONST    	FD1B	0000	2
		_OLEDC_COLOR_AZURE		MEDIUMCONST    	FDB9	0000	2
		_OLEDC_COLOR_LIGHTGRAY		MEDIUMCONST    	FD33	0000	2
		_OLEDC_COLOR_TURQUOISE		MEDIUMCONST    	FCA9	0000	2
		_OLEDC_COLOR_WHEAT		MEDIUMCONST    	FCA5	0000	2
		_OLEDC_COLOR_DARKGREEN		MEDIUMCONST    	FD8F	0000	2
		_OLEDC_COLOR_HONEYDEW		MEDIUMCONST    	FD4F	0000	2
		_OLEDC_COLOR_ROSYBROWN		MEDIUMCONST    	FCD1	0000	2
		_OLEDC_COLOR_LAWNGREEN		MEDIUMCONST    	FD3F	0000	2
		_OLEDC_COLOR_BROWN		MEDIUMCONST    	FDAB	0000	2
		_OLEDC_COLOR_MEDIUMTURQUOISE		MEDIUMCONST    	FD05	0000	2
		_OLEDC_COLOR_DARKBLUE		MEDIUMCONST    	FD97	0000	2
		_OLEDC_COLOR_CRIMSON		MEDIUMCONST    	FD9B	0000	2
		_OLEDC_COLOR_CHARTREUSE		MEDIUMCONST    	FDA5	0000	2
		_OLEDC_COLOR_MEDIUMSPRINGGREEN		MEDIUMCONST    	FD07	0000	2
		_OLEDC_COLOR_GOLD		MEDIUMCONST    	FD5B	0000	2
		_OLEDC_COLOR_LIME		MEDIUMCONST    	FD1D	0000	2
		_OLEDC_COLOR_AQUA		MEDIUMCONST    	FDBD	0000	2
		_OLEDC_COLOR_DARKGRAY		MEDIUMCONST    	FD91	0000	2
		_OLEDC_COLOR_TEAL		MEDIUMCONST    	FCAF	0000	2
		_OLEDC_COLOR_SEAGREEN		MEDIUMCONST    	FCC7	0000	2
		_OLEDC_COLOR_BLUE		MEDIUMCONST    	0000	0000	0
		_OLEDC_COLOR_CYAN		MEDIUMCONST    	FD99	0000	2
		_OLEDC_COLOR_PINK		MEDIUMCONST    	FCDB	0000	2
		_OLEDC_COLOR_IVORY		MEDIUMCONST    	FD47	0000	2
		__initialization		CODE           	11704	0000	48
		_OLEDC_COLOR_PLUM		MEDIUMCONST    	FCD9	0000	2
		_OLED_DIM_WIDTH		MEDIUMCONST    	FDC5	0000	1
		_OLEDC_COLOR_GRAY		MEDIUMCONST    	FD57	0000	2
		_OLEDC_COLOR_FORESTGREEN		MEDIUMCONST    	FD63	0000	2
		_OLEDC_COLOR_DARKORANGE		MEDIUMCONST    	FD85	0000	2
		_OLED_FONT_WIDTH		MEDIUMCONST    	0000	0000	0
		_OLEDC_COLOR_SLATEGREY		MEDIUMCONST    	FCB9	0000	2
		_OLEDC_COLOR_MEDIUMSEAGREEN		MEDIUMCONST    	FD0B	0000	2
		_OLEDC_COLOR_GREY		MEDIUMCONST    	FD51	0000	2
		_OLEDC_COLOR_PERU		MEDIUMCONST    	FCDD	0000	2
		_OLEDC_COLOR_LIGHTSALMON		MEDIUMCONST    	FD2B	0000	2
		_OLEDC_COLOR_SEASHELL		MEDIUMCONST    	FCC5	0000	2
		_OLEDC_COLOR_DIMGRAY		MEDIUMCONST    	FD6D	0000	2
		_OLEDC_COLOR_SNOW		MEDIUMCONST    	FCB7	0000	2
		_OLEDC_COLOR_LIGHTCORAL		MEDIUMCONST    	FD39	0000	2
		_OLEDC_COLOR_NAVY		MEDIUMCONST    	FCF7	0000	2
		_OLEDC_COLOR_OLDLACE		MEDIUMCONST    	FCF5	0000	2
		_OLEDC_COLOR_YELLOWGREEN		MEDIUMCONST    	FC9D	0000	2
		_OLEDC_COLOR_LIGHTSEAGREEN		MEDIUMCONST    	FD29	0000	2
		_logo          		MEDIUMCONST    	FFA1	0000	92
		_OLEDC_COLOR_PEACHPUFF		MEDIUMCONST    	FCDF	0000	2
		_OLEDC_COLOR_DARKCYAN		MEDIUMCONST    	FD95	0000	2
		_OLEDC_COLOR_LEMONCHIFFON		MEDIUMCONST    	FD3D	0000	2
		_OLEDC_COLOR_LIGHTCYAN		MEDIUMCONST    	FD37	0000	2
		_OLEDC_COLOR_DARKGREY		MEDIUMCONST    	FD8D	0000	2
		_OLEDC_COLOR_AQUAMARINE		MEDIUMCONST    	FDBB	0000	2
		_OLEDC_COLOR_DARKKHAKI		MEDIUMCONST    	FD8B	0000	2
		_OLEDC_COLOR_LIGHTGREY		MEDIUMCONST    	FD2F	0000	2
		_OLEDC_COLOR_DIMGREY		MEDIUMCONST    	FD6B	0000	2
		_OLEDC_COLOR_BLUEVIOLET		MEDIUMCONST    	FDAD	0000	2
		_OLEDC_COLOR_DARKVIOLET		MEDIUMCONST    	FD73	0000	2
		_OLEDC_COLOR_MISTYROSE		MEDIUMCONST    	FCFD	0000	2
		_OLEDC_COLOR_MEDIUMPURPLE		MEDIUMCONST    	FD0D	0000	2
		_OLEDC_COLOR_DODGERBLUE		MEDIUMCONST    	FD69	0000	2
		_OLEDC_COLOR_PALETURQUOISE		MEDIUMCONST    	FCE5	0000	2
		_OLEDC_COLOR_MEDIUMSLATEBLUE		MEDIUMCONST    	FD09	0000	2
		_OLEDC_COLOR_CORNSILK		MEDIUMCONST    	FD9D	0000	2
		_OLEDC_COLOR_ORCHID		MEDIUMCONST    	FCEB	0000	2
		_OLEDC_COLOR_FUCHSIA		MEDIUMCONST    	FD61	0000	2
		_OLEDC_COLOR_DEEPPINK		MEDIUMCONST    	FD71	0000	2
		_OLEDC_COLOR_FLORALWHITE		MEDIUMCONST    	FD65	0000	2
		_OLEDC_COLOR_POWDERBLUE		MEDIUMCONST    	FCD7	0000	2
		_OLEDC_COLOR_SIENNA		MEDIUMCONST    	FCC3	0000	2
		_OLEDC_COLOR_DARKMAGENTA		MEDIUMCONST    	FD89	0000	2
		_OLEDC_COLOR_DARKTURQUOISE		MEDIUMCONST    	FD75	0000	2
		_OLEDC_COLOR_ORANGE		MEDIUMCONST    	FCEF	0000	2
		_OLEDC_COLOR_FIREBRICK		MEDIUMCONST    	FD67	0000	2
		_OLEDC_COLOR_DARKSLATEGRAY		MEDIUMCONST    	FD79	0000	2
		_OLEDC_COLOR_DARKSLATEGREY		MEDIUMCONST    	FD77	0000	2
		_OLED_DIM_HEIGHT		MEDIUMCONST    	0000	0000	0
		_OLEDC_COLOR_MEDIUMBLUE		MEDIUMCONST    	FD11	0000	2
		_OLEDC_COLOR_MOCCASIN		MEDIUMCONST    	FCFB	0000	2
		_OLEDC_COLOR_LAVENDERBLUSH		MEDIUMCONST    	FD41	0000	2
		_OLEDC_COLOR_DARKRED		MEDIUMCONST    	FD81	0000	2
		_OLEDC_COLOR_MEDIUMAQUAMARINE		MEDIUMCONST    	FD13	0000	2
		_OLEDC_COLOR_SADDLEBROWN		MEDIUMCONST    	FCCD	0000	2
		_OLEDC_COLOR_LAVENDER		MEDIUMCONST    	FD43	0000	2
		_OLEDC_COLOR_LIGHTGOLDENRODYELLOW		MEDIUMCONST    	FD35	0000	2
		_OLEDC_COLOR_PAPAYAWHIP		MEDIUMCONST    	FCE1	0000	2
		_OLEDC_COLOR_NAVAJOWHITE		MEDIUMCONST    	FCF9	0000	2
		_OLEDC_COLOR_WHITESMOKE		MEDIUMCONST    	FCA1	0000	2
		_OLEDC_COLOR_GREENYELLOW		MEDIUMCONST    	FD53	0000	2
		_OLEDC_COLOR_CHOCOLATE		MEDIUMCONST    	FDA3	0000	2
		_OLEDC_COLOR_MINTCREAM		MEDIUMCONST    	FCFF	0000	2
		_OLEDC_COLOR_LIGHTPINK		MEDIUMCONST    	FD2D	0000	2
		_OLEDC_COLOR_GAINSBORO		MEDIUMCONST    	FD5F	0000	2
		_OLEDC_COLOR_PURPLE		MEDIUMCONST    	FCD5	0000	2
		_OLEDC_COLOR_BLANCHEDALMOND		MEDIUMCONST    	FDB1	0000	2
		_OLEDC_COLOR_GHOSTWHITE		MEDIUMCONST    	FD5D	0000	2
		_OLEDC_COLOR_MAGENTA		MEDIUMCONST    	FD17	0000	2
		_OLEDC_COLOR_LIGHTYELLOW		MEDIUMCONST    	FD1F	0000	2
		_OLEDC_COLOR_GOLDENROD		MEDIUMCONST    	FD59	0000	2
		_OLEDC_COLOR_ORANGERED		MEDIUMCONST    	FCED	0000	2
		_OLEDC_COLOR_DARKSLATEBLUE		MEDIUMCONST    	FD7B	0000	2
		_spiMaster     		MEDIUMCONST    	FC75	0000	30
		_OLEDC_COLOR_INDIGO		MEDIUMCONST    	FD49	0000	2
		_spi1_configuration		MEDIUMCONST    	FC93	0000	10
		_OLEDC_COLOR_BISQUE		MEDIUMCONST    	FDB5	0000	2
		_OLEDC_COLOR_ANTIQUEWHITE		MEDIUMCONST    	FDBF	0000	2
		_OLEDC_COLOR_SANDYBROWN		MEDIUMCONST    	FCC9	0000	2
		_OLED_FONT_HEIGHT		MEDIUMCONST    	0000	0000	0
		_OLEDC_COLOR_MEDIUMORCHID		MEDIUMCONST    	FD0F	0000	2
		_OLEDC_COLOR_INDIANRED		MEDIUMCONST    	FD4B	0000	2
		_OLEDC_COLOR_LIGHTSKYBLUE		MEDIUMCONST    	FD27	0000	2

shared estimated size: 940

mcc_generated_files/mcc.c
		_PMD_Initialize		CODE           	11826	0000	36
		_OSCILLATOR_Initialize		CODE           	1186C	0000	28
		_SYSTEM_Initialize		CODE           	11888	0000	26

mcc_generated_files/mcc.c estimated size: 90

mcc_generated_files/delay.c
		_DELAY_milliseconds		CODE           	117CE	0000	46
		_DELAY_microseconds		CODE           	11532	0000	76

mcc_generated_files/delay.c estimated size: 122

mcc_generated_files/oledC.c
		_oledC_sendCommand		CODE           	107C2	0000	248
		_oledC_setDisplayOrientation		CODE           	117A0	0000	46
		_oledC_setSleepMode		CODE           	1176E	0000	50
		_oledC_setRowAddressBounds		CODE           	11320	0000	98
		_oledC_setColumnAddressBounds		CODE           	1110A	0000	110
		_exchangeTwoBytes		CODE           	10A88	0000	224
		_oledC_sendColorInt		CODE           	1173A	0000	52
		_startStreamingIfNeeded		CODE           	114E4	0000	78
		_oledC_setup   		CODE           	11382	0000	92
		_oledC_startWritingDisplay		CODE           	118BC	0000	24

mcc_generated_files/oledC.c estimated size: 1022

main.c
		_main          		CODE           	118E2	0000	12

main.c estimated size: 12

